
[Incubating] Problems report is available at: file:///C:/Users/Serge/source/repos/Siffermastare/build/reports/problems/problems-report.html
./gradlew : 
At line:1 char:1
+ ./gradlew test --tests "com.sifferm
astare.domain.validation.strategie 
...
+ ~~~~~~~~~~~~~~~~~~~~~~~~~~~~~~~~~~~
~~~~~~~~~~~~~~~~~~~~~~~~~~~~~~~~~~
    + CategoryInfo          : NotSpe 
   cified: (:String) [], RemoteExce  
  ption
    + FullyQualifiedErrorId : Native 
   CommandError
 

FAILURE: Build failed with an 
exception.

* What went wrong:
Problem configuring task :app:test 
from command line.
> Unknown command-line option 
'--tests'.

* Try:
> Run gradlew help --task :app:test 
to get task usage details.
> Run with --stacktrace option to 
get the stack trace.
> Run with --info or --debug option 
to get more log output.
> Run with --scan to get full 
insights.
> Get more help at 
https://help.gradle.org.

BUILD FAILED in 1s
Deprecated Gradle features were used in this build, making it incompatible with Gradle 9.0.

You can use '--warning-mode all' to show the individual deprecation warnings and determine if they come from your own scripts or plugins.

For more on this, please refer to https://docs.gradle.org/8.13/userguide/command_line_interface.html#sec:command_line_warnings in the Gradle documentation.
