> Task :app:preBuild UP-TO-DATE
> Task :app:preDebugBuild UP-TO-DATE
> Task :app:checkDebugAarMetadata UP-TO-DATE
> Task :app:processDebugNavigationResources UP-TO-DATE
> Task :app:compileDebugNavigationResources UP-TO-DATE
> Task :app:generateDebugResValues UP-TO-DATE
> Task :app:mapDebugSourceSetPaths UP-TO-DATE
> Task :app:generateDebugResources UP-TO-DATE
> Task :app:mergeDebugResources UP-TO-DATE
> Task :app:packageDebugResources UP-TO-DATE
> Task :app:parseDebugLocalResources UP-TO-DATE
> Task :app:createDebugCompatibleScreenManifests UP-TO-DATE
> Task :app:extractDeepLinksDebug UP-TO-DATE
> Task :app:processDebugMainManifest UP-TO-DATE
> Task :app:processDebugManifest UP-TO-DATE
> Task :app:processDebugManifestForPackage UP-TO-DATE
> Task :app:processDebugResources UP-TO-DATE
> Task :app:kspDebugKotlin UP-TO-DATE
> Task :app:javaPreCompileDebug UP-TO-DATE
> Task :app:preDebugUnitTestBuild UP-TO-DATE
> Task :app:javaPreCompileDebugUnitTest UP-TO-DATE

> Task :app:compileDebugKotlin FAILED
./gradlew : e: file:///C:/Users/Serge/sou
rce/repos/Siffermastare/app/src/main/java
/com/siffermastare/ui/lesson/LessonScreen
.kt:173:17 None of the following 
functions can be called with the 
arguments supplied: 
At line:1 char:1
+ ./gradlew testDebugUnitTest --tests 
"com.siffermastare.domain.generat ...
+ ~~~~~~~~~~~~~~~~~~~~~~~~~~~~~~~~~~~~~~~
~~~~~~~~~~~~~~~~~~~~~~~~~~~~~~
    + CategoryInfo          : NotSpecifi 
   ed: (e: file:///C:/U...ents supplied  
  : :String) [], RemoteException
    + FullyQualifiedErrorId : NativeComm 
   andError
 
public fun Text(text: AnnotatedString, 
modifier: Modifier = ..., color: Color = 
..., fontSize: TextUnit = ..., 
fontStyle: FontStyle? = ..., fontWeight: 
FontWeight? = ..., fontFamily: 
FontFamily? = ..., letterSpacing: 
TextUnit = ..., textDecoration: 
TextDecoration? = ..., textAlign: 
TextAlign? = ..., lineHeight: TextUnit = 
..., overflow: TextOverflow = ..., 
softWrap: Boolean = ..., maxLines: Int = 
..., minLines: Int = ..., inlineContent: 
Map<String, InlineTextContent> = ..., 
onTextLayout: (TextLayoutResult) -> Unit 
= ..., style: TextStyle = ...): Unit 
defined in androidx.compose.material3
public fun Text(text: String, modifier: 
Modifier = ..., color: Color = ..., 
fontSize: TextUnit = ..., fontStyle: 
FontStyle? = ..., fontWeight: 
FontWeight? = ..., fontFamily: 
FontFamily? = ..., letterSpacing: 
TextUnit = ..., textDecoration: 
TextDecoration? = ..., textAlign: 
TextAlign? = ..., lineHeight: TextUnit = 
..., overflow: TextOverflow = ..., 
softWrap: Boolean = ..., maxLines: Int = 
..., minLines: Int = ..., onTextLayout: 
((TextLayoutResult) -> Unit)? = ..., 
style: TextStyle = ...): Unit defined in 
androidx.compose.material3
e: file:///C:/Users/Serge/source/repos/Si
ffermastare/app/src/main/java/com/sifferm
astare/ui/lesson/LessonScreen.kt:207:94 
Unresolved reference: Visibility

[Incubating] Problems report is available at: file:///C:/Users/Serge/source/repos/Siffermastare/build/reports/problems/problems-report.html

FAILURE: Build failed with an exception.

* What went wrong:
Execution failed for task 
':app:compileDebugKotlin'.
> A failure occurred while executing org.
jetbrains.kotlin.compilerRunner.GradleCom
pilerRunnerWithWorkers$GradleKotlinCompil
erWorkAction
   > Compilation error. See log for more 
details

* Try:
> Run with --stacktrace option to get 
the stack trace.
> Run with --info or --debug option to 
get more log output.
> Run with --scan to get full insights.

Deprecated Gradle features were used in this build, making it incompatible with Gradle 9.0.

You can use '--warning-mode all' to show the individual deprecation warnings and determine if they come from your own scripts or plugins.

> Get more help at 
https://help.gradle.org.
For more on this, please refer to https://docs.gradle.org/8.13/userguide/command_line_interface.html#sec:command_line_warnings in the Gradle documentation.

BUILD FAILED in 2s
19 actionable tasks: 1 executed, 18 up-to-date
